2025-07-15 16:46:17,685 - INFO - move_data - 共找到 2 个CSV文件
2025-07-15 16:46:17,880 - INFO - move_data - 数据库 gene_prediction 不存在，已自动创建
2025-07-15 16:46:18,244 - ERROR - move_data - 创建表时出错: 1064 (42000): You have an error in your SQL syntax; check the manual that corresponds to your MySQL server version for the right syntax to use near 'COMMENT '强制A ID < B ID，保证无方向性'
        ) ENGINE=InnoDB DEFAULT' at line 13
Traceback (most recent call last):
  File "/home/woz/wsl/lib/python3.13/site-packages/mysql/connector/connection_cext.py", line 772, in cmd_query
    self._cmysql.query(
    ~~~~~~~~~~~~~~~~~~^
        query,
        ^^^^^^
    ...<3 lines>...
        query_attrs=self.query_attrs,
        ^^^^^^^^^^^^^^^^^^^^^^^^^^^^^
    )
    ^
_mysql_connector.MySQLInterfaceError: You have an error in your SQL syntax; check the manual that corresponds to your MySQL server version for the right syntax to use near 'COMMENT '强制A ID < B ID，保证无方向性'
        ) ENGINE=InnoDB DEFAULT' at line 13

The above exception was the direct cause of the following exception:

Traceback (most recent call last):
  File "/home/woz/work_learn/clone/move_data.py", line 112, in create_tables
    cursor.execute("""
    ~~~~~~~~~~~~~~^^^^
    CREATE TABLE IF NOT EXISTS predictions (
    ^^^^^^^^^^^^^^^^^^^^^^^^^^^^^^^^^^^^^^^^
    ...<12 lines>...
    ) ENGINE=InnoDB DEFAULT CHARSET=utf8mb4
    ^^^^^^^^^^^^^^^^^^^^^^^^^^^^^^^^^^^^^^^
    """)
    ^^^^
  File "/home/woz/wsl/lib/python3.13/site-packages/mysql/connector/cursor_cext.py", line 356, in execute
    self._connection.cmd_query(
    ~~~~~~~~~~~~~~~~~~~~~~~~~~^
        self._stmt_partition["mappable_stmt"],
        ^^^^^^^^^^^^^^^^^^^^^^^^^^^^^^^^^^^^^^
    ...<2 lines>...
        raw_as_string=self._raw_as_string,
        ^^^^^^^^^^^^^^^^^^^^^^^^^^^^^^^^^^
    )
    ^
  File "/home/woz/wsl/lib/python3.13/site-packages/mysql/connector/opentelemetry/context_propagation.py", line 97, in wrapper
    return method(cnx, *args, **kwargs)
  File "/home/woz/wsl/lib/python3.13/site-packages/mysql/connector/connection_cext.py", line 781, in cmd_query
    raise get_mysql_exception(
        err.errno, msg=err.msg, sqlstate=err.sqlstate
    ) from err
mysql.connector.errors.ProgrammingError: 1064 (42000): You have an error in your SQL syntax; check the manual that corresponds to your MySQL server version for the right syntax to use near 'COMMENT '强制A ID < B ID，保证无方向性'
        ) ENGINE=InnoDB DEFAULT' at line 13
2025-07-15 16:46:18,270 - INFO - move_data - 已加载 0 个已有基因到缓存
2025-07-15 16:46:18,273 - INFO - move_data - 已加载 0 个已有GO注释到缓存
2025-07-15 16:46:18,274 - INFO - move_data - 共发现 2 个CSV文件，开始批量导入...
2025-07-15 16:46:18,274 - INFO - move_data - 处理文件 1/2: ACSS2.csv
2025-07-15 16:46:18,275 - INFO - move_data - 开始处理文件: ACSS2.csv
2025-07-15 16:46:18,275 - INFO - move_data - 在文件 ACSS2.csv 中找到GSE列: ['GSE135927', 'GSE137912', 'GSE200997']
2025-07-15 16:46:26,658 - ERROR - move_data - 文件 ACSS2.csv 处理时发生意外错误: 1146 (42S02): Table 'gene_prediction.predictions' doesn't exist
Traceback (most recent call last):
  File "/home/woz/wsl/lib/python3.13/site-packages/mysql/connector/connection_cext.py", line 772, in cmd_query
    self._cmysql.query(
    ~~~~~~~~~~~~~~~~~~^
        query,
        ^^^^^^
    ...<3 lines>...
        query_attrs=self.query_attrs,
        ^^^^^^^^^^^^^^^^^^^^^^^^^^^^^
    )
    ^
_mysql_connector.MySQLInterfaceError: Table 'gene_prediction.predictions' doesn't exist

The above exception was the direct cause of the following exception:

Traceback (most recent call last):
  File "/home/woz/work_learn/clone/move_data.py", line 297, in import_single_csv
    cursor.executemany("""
    ~~~~~~~~~~~~~~~~~~^^^^
        INSERT IGNORE INTO predictions (gene_a_id, gene_b_id, prediction_score,
        ^^^^^^^^^^^^^^^^^^^^^^^^^^^^^^^^^^^^^^^^^^^^^^^^^^^^^^^^^^^^^^^^^^^^^^^
        binary_prediction, label, gse_source, gse_data)
        ^^^^^^^^^^^^^^^^^^^^^^^^^^^^^^^^^^^^^^^^^^^^^^^
        VALUES (%s, %s, %s, %s, %s, %s, %s)
        ^^^^^^^^^^^^^^^^^^^^^^^^^^^^^^^^^^^
    """, prediction_batch)
    ^^^^^^^^^^^^^^^^^^^^^^
  File "/home/woz/wsl/lib/python3.13/site-packages/mysql/connector/cursor_cext.py", line 476, in executemany
    return self.execute(cast(str, stmt))
           ~~~~~~~~~~~~^^^^^^^^^^^^^^^^^
  File "/home/woz/wsl/lib/python3.13/site-packages/mysql/connector/cursor_cext.py", line 356, in execute
    self._connection.cmd_query(
    ~~~~~~~~~~~~~~~~~~~~~~~~~~^
        self._stmt_partition["mappable_stmt"],
        ^^^^^^^^^^^^^^^^^^^^^^^^^^^^^^^^^^^^^^
    ...<2 lines>...
        raw_as_string=self._raw_as_string,
        ^^^^^^^^^^^^^^^^^^^^^^^^^^^^^^^^^^
    )
    ^
  File "/home/woz/wsl/lib/python3.13/site-packages/mysql/connector/opentelemetry/context_propagation.py", line 97, in wrapper
    return method(cnx, *args, **kwargs)
  File "/home/woz/wsl/lib/python3.13/site-packages/mysql/connector/connection_cext.py", line 781, in cmd_query
    raise get_mysql_exception(
        err.errno, msg=err.msg, sqlstate=err.sqlstate
    ) from err
mysql.connector.errors.ProgrammingError: 1146 (42S02): Table 'gene_prediction.predictions' doesn't exist
2025-07-15 16:46:26,764 - INFO - move_data - 处理文件 2/2: AGL.csv
2025-07-15 16:46:26,765 - INFO - move_data - 开始处理文件: AGL.csv
2025-07-15 16:46:26,766 - INFO - move_data - 在文件 AGL.csv 中找到GSE列: ['GSE135927', 'GSE137912', 'GSE200997']
2025-07-15 16:46:33,219 - ERROR - move_data - 文件 AGL.csv 处理时发生意外错误: 1146 (42S02): Table 'gene_prediction.predictions' doesn't exist
Traceback (most recent call last):
  File "/home/woz/wsl/lib/python3.13/site-packages/mysql/connector/connection_cext.py", line 772, in cmd_query
    self._cmysql.query(
    ~~~~~~~~~~~~~~~~~~^
        query,
        ^^^^^^
    ...<3 lines>...
        query_attrs=self.query_attrs,
        ^^^^^^^^^^^^^^^^^^^^^^^^^^^^^
    )
    ^
_mysql_connector.MySQLInterfaceError: Table 'gene_prediction.predictions' doesn't exist

The above exception was the direct cause of the following exception:

Traceback (most recent call last):
  File "/home/woz/work_learn/clone/move_data.py", line 297, in import_single_csv
    cursor.executemany("""
    ~~~~~~~~~~~~~~~~~~^^^^
        INSERT IGNORE INTO predictions (gene_a_id, gene_b_id, prediction_score,
        ^^^^^^^^^^^^^^^^^^^^^^^^^^^^^^^^^^^^^^^^^^^^^^^^^^^^^^^^^^^^^^^^^^^^^^^
        binary_prediction, label, gse_source, gse_data)
        ^^^^^^^^^^^^^^^^^^^^^^^^^^^^^^^^^^^^^^^^^^^^^^^
        VALUES (%s, %s, %s, %s, %s, %s, %s)
        ^^^^^^^^^^^^^^^^^^^^^^^^^^^^^^^^^^^
    """, prediction_batch)
    ^^^^^^^^^^^^^^^^^^^^^^
  File "/home/woz/wsl/lib/python3.13/site-packages/mysql/connector/cursor_cext.py", line 476, in executemany
    return self.execute(cast(str, stmt))
           ~~~~~~~~~~~~^^^^^^^^^^^^^^^^^
  File "/home/woz/wsl/lib/python3.13/site-packages/mysql/connector/cursor_cext.py", line 356, in execute
    self._connection.cmd_query(
    ~~~~~~~~~~~~~~~~~~~~~~~~~~^
        self._stmt_partition["mappable_stmt"],
        ^^^^^^^^^^^^^^^^^^^^^^^^^^^^^^^^^^^^^^
    ...<2 lines>...
        raw_as_string=self._raw_as_string,
        ^^^^^^^^^^^^^^^^^^^^^^^^^^^^^^^^^^
    )
    ^
  File "/home/woz/wsl/lib/python3.13/site-packages/mysql/connector/opentelemetry/context_propagation.py", line 97, in wrapper
    return method(cnx, *args, **kwargs)
  File "/home/woz/wsl/lib/python3.13/site-packages/mysql/connector/connection_cext.py", line 781, in cmd_query
    raise get_mysql_exception(
        err.errno, msg=err.msg, sqlstate=err.sqlstate
    ) from err
mysql.connector.errors.ProgrammingError: 1146 (42S02): Table 'gene_prediction.predictions' doesn't exist
2025-07-15 16:46:33,250 - INFO - move_data - 所有文件处理完成，本次累计新增预测记录: 0
2025-07-15 16:46:33,253 - INFO - move_data - 数据库连接已关闭
2025-07-15 16:46:33,253 - INFO - move_data - 程序执行完毕
2025-07-15 16:50:11,187 - INFO - move_data - 共找到 2 个CSV文件
2025-07-15 16:50:11,276 - INFO - move_data - 成功连接到数据库: gene_prediction
2025-07-15 16:50:11,548 - INFO - move_data - 表结构创建/验证成功
2025-07-15 16:50:11,556 - INFO - move_data - 已加载 0 个已有基因到缓存
2025-07-15 16:50:11,558 - INFO - move_data - 已加载 0 个已有GO注释到缓存
2025-07-15 16:50:11,559 - INFO - move_data - 共发现 2 个CSV文件，开始批量导入...
2025-07-15 16:50:11,559 - INFO - move_data - 处理文件 1/2: ACSS2.csv
2025-07-15 16:50:11,561 - INFO - move_data - 开始处理文件: ACSS2.csv
2025-07-15 16:50:11,561 - INFO - move_data - 在文件 ACSS2.csv 中找到GSE列: ['GSE135927', 'GSE137912', 'GSE200997']
2025-07-15 16:50:23,857 - INFO - move_data - 文件 ACSS2.csv 已批量插入 1000 条记录（新增 1000 条）
2025-07-15 16:50:35,649 - INFO - move_data - 文件 ACSS2.csv 已批量插入 1000 条记录（新增 1000 条）
2025-07-15 16:50:47,681 - INFO - move_data - 文件 ACSS2.csv 已批量插入 1000 条记录（新增 1000 条）
2025-07-15 16:50:59,866 - INFO - move_data - 文件 ACSS2.csv 已批量插入 1000 条记录（新增 1000 条）
2025-07-15 16:51:11,030 - INFO - move_data - 文件 ACSS2.csv 已批量插入 1000 条记录（新增 1000 条）
2025-07-15 16:51:21,824 - INFO - move_data - 文件 ACSS2.csv 已批量插入 1000 条记录（新增 1000 条）
2025-07-15 16:51:27,024 - INFO - move_data - 文件 ACSS2.csv 剩余记录插入完成（新增 444 条）
2025-07-15 16:51:27,025 - INFO - move_data - 文件 ACSS2.csv 处理完成，总记录数: 6444，新增预测记录: 6444
2025-07-15 16:51:27,025 - INFO - move_data - 处理文件 2/2: AGL.csv
2025-07-15 16:51:27,027 - INFO - move_data - 开始处理文件: AGL.csv
2025-07-15 16:51:27,027 - INFO - move_data - 在文件 AGL.csv 中找到GSE列: ['GSE135927', 'GSE137912', 'GSE200997']
2025-07-15 16:51:33,081 - INFO - move_data - 文件 AGL.csv 已批量插入 1000 条记录（新增 1000 条）
2025-07-15 16:51:37,482 - INFO - move_data - 文件 AGL.csv 已批量插入 1000 条记录（新增 1000 条）
2025-07-15 16:51:40,153 - INFO - move_data - 文件 AGL.csv 剩余记录插入完成（新增 611 条）
2025-07-15 16:51:40,154 - INFO - move_data - 文件 AGL.csv 处理完成，总记录数: 2611，新增预测记录: 2611
2025-07-15 16:51:40,155 - INFO - move_data - 所有文件处理完成，本次累计新增预测记录: 9055
2025-07-15 16:51:40,158 - INFO - move_data - 数据库连接已关闭
2025-07-15 16:51:40,159 - INFO - move_data - 程序执行完毕
2025-07-15 18:38:57,120 - INFO - move_data - 共找到 2 个CSV文件
2025-07-15 18:38:57,152 - INFO - move_data - 成功连接到数据库: gene_prediction
2025-07-15 18:38:57,194 - INFO - move_data - 表结构创建/验证成功
2025-07-15 18:38:57,213 - INFO - move_data - 已加载 7575 个已有基因到缓存
2025-07-15 18:38:57,223 - INFO - move_data - 已加载 3835 个已有GO注释到缓存
2025-07-15 18:38:57,223 - INFO - move_data - 共发现 2 个CSV文件，开始批量导入...
2025-07-15 18:38:57,224 - INFO - move_data - 处理文件 1/2: TSPAN1.csv
2025-07-15 18:38:57,225 - INFO - move_data - 开始处理文件: TSPAN1.csv
2025-07-15 18:38:58,445 - INFO - move_data - 文件 TSPAN1.csv 已批量插入 1000 条记录（新增 1000 条）
2025-07-15 18:38:59,698 - INFO - move_data - 文件 TSPAN1.csv 已批量插入 1000 条记录（新增 1000 条）
2025-07-15 18:39:00,914 - INFO - move_data - 文件 TSPAN1.csv 已批量插入 1000 条记录（新增 1000 条）
2025-07-15 18:39:02,201 - INFO - move_data - 文件 TSPAN1.csv 已批量插入 1000 条记录（新增 1000 条）
2025-07-15 18:39:03,474 - INFO - move_data - 文件 TSPAN1.csv 已批量插入 1000 条记录（新增 999 条）
2025-07-15 18:39:04,753 - INFO - move_data - 文件 TSPAN1.csv 已批量插入 1000 条记录（新增 1000 条）
2025-07-15 18:39:05,962 - INFO - move_data - 文件 TSPAN1.csv 已批量插入 1000 条记录（新增 1000 条）
2025-07-15 18:39:07,240 - INFO - move_data - 文件 TSPAN1.csv 已批量插入 1000 条记录（新增 1000 条）
2025-07-15 18:39:08,602 - INFO - move_data - 文件 TSPAN1.csv 已批量插入 1000 条记录（新增 1000 条）
2025-07-15 18:39:09,862 - INFO - move_data - 文件 TSPAN1.csv 已批量插入 1000 条记录（新增 1000 条）
2025-07-15 18:39:11,089 - INFO - move_data - 文件 TSPAN1.csv 已批量插入 1000 条记录（新增 1000 条）
2025-07-15 18:39:12,387 - INFO - move_data - 文件 TSPAN1.csv 已批量插入 1000 条记录（新增 1000 条）
2025-07-15 18:39:13,946 - INFO - move_data - 文件 TSPAN1.csv 已批量插入 1000 条记录（新增 1000 条）
2025-07-15 18:39:15,355 - INFO - move_data - 文件 TSPAN1.csv 已批量插入 1000 条记录（新增 1000 条）
2025-07-15 18:39:16,853 - INFO - move_data - 文件 TSPAN1.csv 已批量插入 1000 条记录（新增 1000 条）
2025-07-15 18:39:18,241 - INFO - move_data - 文件 TSPAN1.csv 已批量插入 1000 条记录（新增 1000 条）
2025-07-15 18:39:19,714 - INFO - move_data - 文件 TSPAN1.csv 已批量插入 1000 条记录（新增 1000 条）
2025-07-15 18:39:20,050 - INFO - move_data - 文件 TSPAN1.csv 剩余记录插入完成（新增 179 条）
2025-07-15 18:39:20,050 - INFO - move_data - 文件 TSPAN1.csv 处理完成，总记录数: 17179，新增预测记录: 17178
2025-07-15 18:39:20,050 - INFO - move_data - 处理文件 2/2: ANK2.csv
2025-07-15 18:39:20,052 - INFO - move_data - 开始处理文件: ANK2.csv
2025-07-15 18:39:20,131 - INFO - move_data - 文件 ANK2.csv 已批量插入 1000 条记录（新增 1000 条）
2025-07-15 18:39:20,208 - INFO - move_data - 文件 ANK2.csv 已批量插入 1000 条记录（新增 1000 条）
2025-07-15 18:39:20,267 - INFO - move_data - 文件 ANK2.csv 已批量插入 1000 条记录（新增 1000 条）
2025-07-15 18:39:20,317 - INFO - move_data - 文件 ANK2.csv 已批量插入 1000 条记录（新增 999 条）
2025-07-15 18:39:20,377 - INFO - move_data - 文件 ANK2.csv 已批量插入 1000 条记录（新增 1000 条）
2025-07-15 18:39:20,459 - INFO - move_data - 文件 ANK2.csv 已批量插入 1000 条记录（新增 1000 条）
2025-07-15 18:39:20,535 - INFO - move_data - 文件 ANK2.csv 已批量插入 1000 条记录（新增 1000 条）
2025-07-15 18:39:20,604 - INFO - move_data - 文件 ANK2.csv 已批量插入 1000 条记录（新增 1000 条）
2025-07-15 18:39:20,659 - INFO - move_data - 文件 ANK2.csv 已批量插入 1000 条记录（新增 1000 条）
2025-07-15 18:39:20,722 - INFO - move_data - 文件 ANK2.csv 已批量插入 1000 条记录（新增 1000 条）
2025-07-15 18:39:20,788 - INFO - move_data - 文件 ANK2.csv 已批量插入 1000 条记录（新增 1000 条）
2025-07-15 18:39:20,850 - INFO - move_data - 文件 ANK2.csv 已批量插入 1000 条记录（新增 1000 条）
2025-07-15 18:39:20,911 - INFO - move_data - 文件 ANK2.csv 已批量插入 1000 条记录（新增 1000 条）
2025-07-15 18:39:20,969 - INFO - move_data - 文件 ANK2.csv 已批量插入 1000 条记录（新增 1000 条）
2025-07-15 18:39:21,028 - INFO - move_data - 文件 ANK2.csv 已批量插入 1000 条记录（新增 1000 条）
2025-07-15 18:39:21,084 - INFO - move_data - 文件 ANK2.csv 已批量插入 1000 条记录（新增 1000 条）
2025-07-15 18:39:21,136 - INFO - move_data - 文件 ANK2.csv 已批量插入 1000 条记录（新增 1000 条）
2025-07-15 18:39:21,172 - INFO - move_data - 文件 ANK2.csv 剩余记录插入完成（新增 179 条）
2025-07-15 18:39:21,173 - INFO - move_data - 文件 ANK2.csv 处理完成，总记录数: 17179，新增预测记录: 17178
2025-07-15 18:39:21,173 - INFO - move_data - 所有文件处理完成，本次累计新增预测记录: 34356
2025-07-15 18:39:21,175 - INFO - move_data - 数据库连接已关闭
2025-07-15 18:39:21,176 - INFO - move_data - 程序执行完毕
2025-07-15 18:39:32,350 - INFO - move_data - 共找到 2 个CSV文件
2025-07-15 18:39:32,370 - INFO - move_data - 成功连接到数据库: gene_prediction
2025-07-15 18:39:32,417 - INFO - move_data - 表结构创建/验证成功
2025-07-15 18:39:32,450 - INFO - move_data - 已加载 17180 个已有基因到缓存
2025-07-15 18:39:32,457 - INFO - move_data - 已加载 3835 个已有GO注释到缓存
2025-07-15 18:39:32,458 - INFO - move_data - 共发现 2 个CSV文件，开始批量导入...
2025-07-15 18:39:32,458 - INFO - move_data - 处理文件 1/2: TSPAN1.csv
2025-07-15 18:39:32,463 - INFO - move_data - 开始处理文件: TSPAN1.csv
2025-07-15 18:39:32,507 - INFO - move_data - 文件 TSPAN1.csv 已批量插入 1000 条记录（新增 0 条）
2025-07-15 18:39:32,601 - INFO - move_data - 文件 TSPAN1.csv 已批量插入 1000 条记录（新增 0 条）
2025-07-15 18:39:32,668 - INFO - move_data - 文件 TSPAN1.csv 已批量插入 1000 条记录（新增 0 条）
2025-07-15 18:39:32,719 - INFO - move_data - 文件 TSPAN1.csv 已批量插入 1000 条记录（新增 0 条）
2025-07-15 18:39:32,777 - INFO - move_data - 文件 TSPAN1.csv 已批量插入 1000 条记录（新增 0 条）
2025-07-15 18:39:32,830 - INFO - move_data - 文件 TSPAN1.csv 已批量插入 1000 条记录（新增 0 条）
2025-07-15 18:39:32,881 - INFO - move_data - 文件 TSPAN1.csv 已批量插入 1000 条记录（新增 0 条）
2025-07-15 18:39:32,938 - INFO - move_data - 文件 TSPAN1.csv 已批量插入 1000 条记录（新增 0 条）
2025-07-15 18:39:32,989 - INFO - move_data - 文件 TSPAN1.csv 已批量插入 1000 条记录（新增 0 条）
2025-07-15 18:39:33,037 - INFO - move_data - 文件 TSPAN1.csv 已批量插入 1000 条记录（新增 0 条）
2025-07-15 18:39:33,090 - INFO - move_data - 文件 TSPAN1.csv 已批量插入 1000 条记录（新增 0 条）
2025-07-15 18:39:33,148 - INFO - move_data - 文件 TSPAN1.csv 已批量插入 1000 条记录（新增 0 条）
2025-07-15 18:39:33,198 - INFO - move_data - 文件 TSPAN1.csv 已批量插入 1000 条记录（新增 0 条）
2025-07-15 18:39:33,246 - INFO - move_data - 文件 TSPAN1.csv 已批量插入 1000 条记录（新增 0 条）
2025-07-15 18:39:33,301 - INFO - move_data - 文件 TSPAN1.csv 已批量插入 1000 条记录（新增 0 条）
2025-07-15 18:39:33,353 - INFO - move_data - 文件 TSPAN1.csv 已批量插入 1000 条记录（新增 0 条）
2025-07-15 18:39:33,409 - INFO - move_data - 文件 TSPAN1.csv 已批量插入 1000 条记录（新增 0 条）
2025-07-15 18:39:33,428 - INFO - move_data - 文件 TSPAN1.csv 剩余记录插入完成（新增 0 条）
2025-07-15 18:39:33,428 - INFO - move_data - 文件 TSPAN1.csv 处理完成，总记录数: 17179，新增预测记录: 0
2025-07-15 18:39:33,429 - INFO - move_data - 处理文件 2/2: ANK2.csv
2025-07-15 18:39:33,429 - INFO - move_data - 开始处理文件: ANK2.csv
2025-07-15 18:39:33,482 - INFO - move_data - 文件 ANK2.csv 已批量插入 1000 条记录（新增 0 条）
2025-07-15 18:39:33,551 - INFO - move_data - 文件 ANK2.csv 已批量插入 1000 条记录（新增 0 条）
2025-07-15 18:39:33,606 - INFO - move_data - 文件 ANK2.csv 已批量插入 1000 条记录（新增 0 条）
2025-07-15 18:39:33,673 - INFO - move_data - 文件 ANK2.csv 已批量插入 1000 条记录（新增 0 条）
2025-07-15 18:39:33,744 - INFO - move_data - 文件 ANK2.csv 已批量插入 1000 条记录（新增 0 条）
2025-07-15 18:39:33,810 - INFO - move_data - 文件 ANK2.csv 已批量插入 1000 条记录（新增 0 条）
2025-07-15 18:39:33,863 - INFO - move_data - 文件 ANK2.csv 已批量插入 1000 条记录（新增 0 条）
2025-07-15 18:39:33,916 - INFO - move_data - 文件 ANK2.csv 已批量插入 1000 条记录（新增 0 条）
2025-07-15 18:39:33,972 - INFO - move_data - 文件 ANK2.csv 已批量插入 1000 条记录（新增 0 条）
2025-07-15 18:39:34,027 - INFO - move_data - 文件 ANK2.csv 已批量插入 1000 条记录（新增 0 条）
2025-07-15 18:39:34,080 - INFO - move_data - 文件 ANK2.csv 已批量插入 1000 条记录（新增 0 条）
2025-07-15 18:39:34,135 - INFO - move_data - 文件 ANK2.csv 已批量插入 1000 条记录（新增 0 条）
2025-07-15 18:39:34,216 - INFO - move_data - 文件 ANK2.csv 已批量插入 1000 条记录（新增 0 条）
2025-07-15 18:39:34,309 - INFO - move_data - 文件 ANK2.csv 已批量插入 1000 条记录（新增 0 条）
2025-07-15 18:39:34,377 - INFO - move_data - 文件 ANK2.csv 已批量插入 1000 条记录（新增 0 条）
2025-07-15 18:39:34,434 - INFO - move_data - 文件 ANK2.csv 已批量插入 1000 条记录（新增 0 条）
2025-07-15 18:39:34,489 - INFO - move_data - 文件 ANK2.csv 已批量插入 1000 条记录（新增 0 条）
2025-07-15 18:39:34,508 - INFO - move_data - 文件 ANK2.csv 剩余记录插入完成（新增 0 条）
2025-07-15 18:39:34,509 - INFO - move_data - 文件 ANK2.csv 处理完成，总记录数: 17179，新增预测记录: 0
2025-07-15 18:39:34,509 - INFO - move_data - 所有文件处理完成，本次累计新增预测记录: 0
2025-07-15 18:39:34,511 - INFO - move_data - 数据库连接已关闭
2025-07-15 18:39:34,511 - INFO - move_data - 程序执行完毕
2025-07-15 18:39:40,213 - INFO - move_data - 共找到 2 个CSV文件
2025-07-15 18:39:40,233 - INFO - move_data - 成功连接到数据库: gene_prediction
2025-07-15 18:39:40,276 - INFO - move_data - 表结构创建/验证成功
2025-07-15 18:39:40,311 - INFO - move_data - 已加载 17180 个已有基因到缓存
2025-07-15 18:39:40,319 - INFO - move_data - 已加载 3835 个已有GO注释到缓存
2025-07-15 18:39:40,319 - INFO - move_data - 共发现 2 个CSV文件，开始批量导入...
2025-07-15 18:39:40,320 - INFO - move_data - 处理文件 1/2: ACSS2.csv
2025-07-15 18:39:40,321 - INFO - move_data - 开始处理文件: ACSS2.csv
2025-07-15 18:39:40,321 - INFO - move_data - 在文件 ACSS2.csv 中找到GSE列: ['GSE135927', 'GSE137912', 'GSE200997']
2025-07-15 18:39:40,452 - INFO - move_data - 文件 ACSS2.csv 已批量插入 1000 条记录（新增 0 条）
2025-07-15 18:39:40,521 - INFO - move_data - 文件 ACSS2.csv 已批量插入 1000 条记录（新增 0 条）
2025-07-15 18:39:40,583 - INFO - move_data - 文件 ACSS2.csv 已批量插入 1000 条记录（新增 0 条）
2025-07-15 18:39:40,645 - INFO - move_data - 文件 ACSS2.csv 已批量插入 1000 条记录（新增 0 条）
2025-07-15 18:39:40,718 - INFO - move_data - 文件 ACSS2.csv 已批量插入 1000 条记录（新增 0 条）
2025-07-15 18:39:40,777 - INFO - move_data - 文件 ACSS2.csv 已批量插入 1000 条记录（新增 0 条）
2025-07-15 18:39:40,818 - INFO - move_data - 文件 ACSS2.csv 剩余记录插入完成（新增 0 条）
2025-07-15 18:39:40,818 - INFO - move_data - 文件 ACSS2.csv 处理完成，总记录数: 6444，新增预测记录: 0
2025-07-15 18:39:40,819 - INFO - move_data - 处理文件 2/2: AGL.csv
2025-07-15 18:39:40,820 - INFO - move_data - 开始处理文件: AGL.csv
2025-07-15 18:39:40,820 - INFO - move_data - 在文件 AGL.csv 中找到GSE列: ['GSE135927', 'GSE137912', 'GSE200997']
2025-07-15 18:39:40,889 - INFO - move_data - 文件 AGL.csv 已批量插入 1000 条记录（新增 0 条）
2025-07-15 18:39:40,990 - INFO - move_data - 文件 AGL.csv 已批量插入 1000 条记录（新增 0 条）
2025-07-15 18:39:41,043 - INFO - move_data - 文件 AGL.csv 剩余记录插入完成（新增 0 条）
2025-07-15 18:39:41,044 - INFO - move_data - 文件 AGL.csv 处理完成，总记录数: 2611，新增预测记录: 0
2025-07-15 18:39:41,045 - INFO - move_data - 所有文件处理完成，本次累计新增预测记录: 0
2025-07-15 18:39:41,048 - INFO - move_data - 数据库连接已关闭
2025-07-15 18:39:41,049 - INFO - move_data - 程序执行完毕
2025-07-16 09:52:30,944 - INFO - move_data - 共找到 2 个CSV文件
2025-07-16 09:52:30,983 - INFO - move_data - 成功连接到数据库: gene_prediction
2025-07-16 09:52:31,009 - INFO - move_data - 表结构创建/验证成功
2025-07-16 09:52:31,028 - INFO - move_data - 已加载 17180 个已有基因到缓存
2025-07-16 09:52:31,032 - INFO - move_data - 已加载 3835 个已有GO注释到缓存
2025-07-16 09:52:31,033 - INFO - move_data - 共发现 2 个CSV文件，开始批量导入...
2025-07-16 09:52:31,033 - INFO - move_data - 处理文件 1/2: ACSS2.csv
2025-07-16 09:52:31,035 - INFO - move_data - 开始处理文件: ACSS2.csv
2025-07-16 09:52:31,035 - INFO - move_data - 在文件 ACSS2.csv 中找到GSE列: ['GSE135927', 'GSE137912', 'GSE200997']
2025-07-16 09:52:31,081 - INFO - move_data - 文件 ACSS2.csv 已批量插入 1000 条记录（新增 0 条）
2025-07-16 09:52:31,120 - INFO - move_data - 文件 ACSS2.csv 已批量插入 1000 条记录（新增 0 条）
2025-07-16 09:52:31,152 - INFO - move_data - 文件 ACSS2.csv 已批量插入 1000 条记录（新增 0 条）
2025-07-16 09:52:31,189 - INFO - move_data - 文件 ACSS2.csv 已批量插入 1000 条记录（新增 0 条）
2025-07-16 09:52:31,247 - INFO - move_data - 文件 ACSS2.csv 已批量插入 1000 条记录（新增 0 条）
2025-07-16 09:52:31,280 - INFO - move_data - 文件 ACSS2.csv 已批量插入 1000 条记录（新增 0 条）
2025-07-16 09:52:31,300 - INFO - move_data - 文件 ACSS2.csv 剩余记录插入完成（新增 0 条）
2025-07-16 09:52:31,300 - INFO - move_data - 文件 ACSS2.csv 处理完成，总记录数: 6444，新增预测记录: 0
2025-07-16 09:52:31,300 - INFO - move_data - 处理文件 2/2: AGL.csv
2025-07-16 09:52:31,301 - INFO - move_data - 开始处理文件: AGL.csv
2025-07-16 09:52:31,301 - INFO - move_data - 在文件 AGL.csv 中找到GSE列: ['GSE135927', 'GSE137912', 'GSE200997']
2025-07-16 09:52:31,340 - INFO - move_data - 文件 AGL.csv 已批量插入 1000 条记录（新增 0 条）
2025-07-16 09:52:31,371 - INFO - move_data - 文件 AGL.csv 已批量插入 1000 条记录（新增 0 条）
2025-07-16 09:52:31,392 - INFO - move_data - 文件 AGL.csv 剩余记录插入完成（新增 0 条）
2025-07-16 09:52:31,392 - INFO - move_data - 文件 AGL.csv 处理完成，总记录数: 2611，新增预测记录: 0
2025-07-16 09:52:31,392 - INFO - move_data - 所有文件处理完成，本次累计新增预测记录: 0
2025-07-16 09:52:31,394 - INFO - move_data - 数据库连接已关闭
2025-07-16 09:52:31,394 - INFO - move_data - 程序执行完毕
2025-07-16 09:56:35,919 - INFO - move_data - 共找到 2 个CSV文件
2025-07-16 09:56:35,931 - INFO - move_data - 成功连接到数据库: gene_prediction
2025-07-16 09:56:35,966 - INFO - move_data - 表结构创建/验证成功
2025-07-16 09:56:35,983 - INFO - move_data - 已加载 17180 个已有基因到缓存
2025-07-16 09:56:35,987 - INFO - move_data - 已加载 3835 个已有GO注释到缓存
2025-07-16 09:56:35,988 - INFO - move_data - 共发现 2 个CSV文件，开始批量导入...
2025-07-16 09:56:35,988 - INFO - move_data - 处理文件 1/2: ACSS2.csv
2025-07-16 09:56:35,988 - INFO - move_data - 开始处理文件: ACSS2.csv
2025-07-16 09:56:35,988 - INFO - move_data - 在文件 ACSS2.csv 中找到GSE列: ['GSE135927', 'GSE137912', 'GSE200997']
2025-07-16 09:56:36,026 - INFO - move_data - 文件 ACSS2.csv 已批量插入 1000 条记录（新增 0 条）
2025-07-16 09:56:36,058 - INFO - move_data - 文件 ACSS2.csv 已批量插入 1000 条记录（新增 0 条）
2025-07-16 09:56:36,090 - INFO - move_data - 文件 ACSS2.csv 已批量插入 1000 条记录（新增 0 条）
2025-07-16 09:56:36,120 - INFO - move_data - 文件 ACSS2.csv 已批量插入 1000 条记录（新增 0 条）
2025-07-16 09:56:36,152 - INFO - move_data - 文件 ACSS2.csv 已批量插入 1000 条记录（新增 0 条）
2025-07-16 09:56:36,183 - INFO - move_data - 文件 ACSS2.csv 已批量插入 1000 条记录（新增 0 条）
2025-07-16 09:56:36,202 - INFO - move_data - 文件 ACSS2.csv 剩余记录插入完成（新增 0 条）
2025-07-16 09:56:36,203 - INFO - move_data - 文件 ACSS2.csv 处理完成，总记录数: 6444，新增预测记录: 0
2025-07-16 09:56:36,203 - INFO - move_data - 处理文件 2/2: AGL.csv
2025-07-16 09:56:36,203 - INFO - move_data - 开始处理文件: AGL.csv
2025-07-16 09:56:36,203 - INFO - move_data - 在文件 AGL.csv 中找到GSE列: ['GSE135927', 'GSE137912', 'GSE200997']
2025-07-16 09:56:36,234 - INFO - move_data - 文件 AGL.csv 已批量插入 1000 条记录（新增 0 条）
2025-07-16 09:56:36,266 - INFO - move_data - 文件 AGL.csv 已批量插入 1000 条记录（新增 0 条）
2025-07-16 09:56:36,289 - INFO - move_data - 文件 AGL.csv 剩余记录插入完成（新增 0 条）
2025-07-16 09:56:36,289 - INFO - move_data - 文件 AGL.csv 处理完成，总记录数: 2611，新增预测记录: 0
2025-07-16 09:56:36,290 - INFO - move_data - 所有文件处理完成，本次累计新增预测记录: 0
2025-07-16 09:56:36,291 - INFO - move_data - 数据库连接已关闭
2025-07-16 09:56:36,291 - INFO - move_data - 程序执行完毕
2025-07-16 09:56:42,122 - INFO - move_data - 共找到 2 个CSV文件
2025-07-16 09:56:42,133 - INFO - move_data - 成功连接到数据库: gene_prediction
2025-07-16 09:56:42,168 - INFO - move_data - 表结构创建/验证成功
2025-07-16 09:56:42,186 - INFO - move_data - 已加载 17180 个已有基因到缓存
2025-07-16 09:56:42,190 - INFO - move_data - 已加载 3835 个已有GO注释到缓存
2025-07-16 09:56:42,190 - INFO - move_data - 共发现 2 个CSV文件，开始批量导入...
2025-07-16 09:56:42,191 - INFO - move_data - 开始处理文件: ACSS2.csv
2025-07-16 09:56:42,191 - INFO - move_data - 在文件 ACSS2.csv 中找到GSE列: ['GSE135927', 'GSE137912', 'GSE200997']
2025-07-16 09:56:42,425 - INFO - move_data - 文件 ACSS2.csv 剩余记录插入完成（新增 0 条）
2025-07-16 09:56:42,426 - INFO - move_data - 开始处理文件: AGL.csv
2025-07-16 09:56:42,426 - INFO - move_data - 在文件 AGL.csv 中找到GSE列: ['GSE135927', 'GSE137912', 'GSE200997']
2025-07-16 09:56:42,511 - INFO - move_data - 文件 AGL.csv 剩余记录插入完成（新增 0 条）
2025-07-16 09:56:42,511 - INFO - move_data - 所有文件处理完成，本次累计新增预测记录: 0
2025-07-16 09:56:42,513 - INFO - move_data - 数据库连接已关闭
2025-07-16 09:56:42,513 - INFO - move_data - 程序执行完毕
2025-07-16 09:56:57,962 - INFO - move_data - 共找到 2 个CSV文件
2025-07-16 09:56:57,972 - INFO - move_data - 成功连接到数据库: gene_prediction
2025-07-16 09:56:58,008 - INFO - move_data - 表结构创建/验证成功
2025-07-16 09:56:58,026 - INFO - move_data - 已加载 17180 个已有基因到缓存
2025-07-16 09:56:58,030 - INFO - move_data - 已加载 3835 个已有GO注释到缓存
2025-07-16 09:56:58,030 - INFO - move_data - 共发现 2 个CSV文件，开始批量导入...
2025-07-16 09:56:58,030 - INFO - move_data - 开始处理文件: TSPAN1.csv
2025-07-16 09:56:58,505 - INFO - move_data - 文件 TSPAN1.csv 剩余记录插入完成（新增 0 条）
2025-07-16 09:56:58,506 - INFO - move_data - 开始处理文件: ANK2.csv
2025-07-16 09:56:58,974 - INFO - move_data - 文件 ANK2.csv 剩余记录插入完成（新增 0 条）
2025-07-16 09:56:58,975 - INFO - move_data - 所有文件处理完成，本次累计新增预测记录: 0
2025-07-16 09:56:58,976 - INFO - move_data - 数据库连接已关闭
2025-07-16 09:56:58,976 - INFO - move_data - 程序执行完毕
2025-07-16 09:59:33,956 - INFO - move_data - 共找到 2 个CSV文件
2025-07-16 09:59:33,968 - INFO - move_data - 成功连接到数据库: gene_prediction
2025-07-16 09:59:34,003 - INFO - move_data - 表结构创建/验证成功
2025-07-16 09:59:34,023 - INFO - move_data - 已加载 17180 个已有基因到缓存
2025-07-16 09:59:34,027 - INFO - move_data - 已加载 3835 个已有GO注释到缓存
2025-07-16 09:59:34,027 - INFO - move_data - 共发现 2 个CSV文件，开始批量导入...
2025-07-16 09:59:34,027 - INFO - move_data - 开始处理文件: ACSS2.csv
2025-07-16 09:59:34,028 - INFO - move_data - 在文件 ACSS2.csv 中找到GSE列: ['GSE135927', 'GSE137912', 'GSE200997']
2025-07-16 09:59:34,262 - INFO - move_data - 开始处理文件: AGL.csv
2025-07-16 09:59:34,263 - INFO - move_data - 在文件 AGL.csv 中找到GSE列: ['GSE135927', 'GSE137912', 'GSE200997']
2025-07-16 09:59:34,344 - INFO - move_data - 所有文件处理完成，本次累计新增预测记录: 0
2025-07-16 09:59:34,345 - INFO - move_data - 数据库连接已关闭
2025-07-16 09:59:34,346 - INFO - move_data - 程序执行完毕
2025-07-16 10:00:24,069 - INFO - move_data - 共找到 2 个CSV文件
2025-07-16 10:00:24,095 - INFO - move_data - 成功连接到数据库: gene_prediction
2025-07-16 10:00:24,120 - INFO - move_data - 表结构创建/验证成功
2025-07-16 10:00:24,138 - INFO - move_data - 已加载 17180 个已有基因到缓存
2025-07-16 10:00:24,142 - INFO - move_data - 已加载 3835 个已有GO注释到缓存
2025-07-16 10:00:24,142 - INFO - move_data - 共发现 2 个CSV文件，开始批量导入...
2025-07-16 10:00:24,142 - INFO - move_data - 开始处理文件: ACSS2.csv
2025-07-16 10:00:24,363 - INFO - move_data - 开始处理文件: AGL.csv
2025-07-16 10:00:24,454 - INFO - move_data - 所有文件处理完成，本次累计新增预测记录: 0
2025-07-16 10:00:24,455 - INFO - move_data - 数据库连接已关闭
2025-07-16 10:00:24,455 - INFO - move_data - 程序执行完毕
2025-07-16 10:03:35,212 - INFO - move_data - 共找到 2 个CSV文件
2025-07-16 10:03:35,239 - INFO - move_data - 成功连接到数据库: gene_prediction
2025-07-16 10:03:35,265 - INFO - move_data - 表结构创建/验证成功
2025-07-16 10:03:35,283 - INFO - move_data - 已加载 17180 个已有基因到缓存
2025-07-16 10:03:35,288 - INFO - move_data - 已加载 3835 个已有GO注释到缓存
2025-07-16 10:03:35,288 - INFO - move_data - 共发现 2 个CSV文件，开始批量导入...
2025-07-16 10:03:35,288 - INFO - move_data - 处理文件 1/2: ACSS2.csv
2025-07-16 10:03:35,508 - INFO - move_data - 处理文件 2/2: AGL.csv
2025-07-16 10:03:35,593 - INFO - move_data - 所有文件处理完成，本次累计新增预测记录: 0
2025-07-16 10:03:35,594 - INFO - move_data - 数据库连接已关闭
2025-07-16 10:03:35,594 - INFO - move_data - 程序执行完毕
2025-07-16 12:04:23,337 - INFO - move_data - 状态数据库 'import_status.db' 已准备就绪。
2025-07-16 12:04:23,338 - INFO - move_data - 从状态数据库加载了 0 条已处理文件记录。
2025-07-16 12:04:23,338 - INFO - move_data - 共找到 2 个需要处理的CSV文件
2025-07-16 12:04:23,393 - INFO - move_data - 成功连接到数据库: gene_prediction
2025-07-16 12:04:23,435 - INFO - move_data - 表结构创建/验证成功
2025-07-16 12:04:23,458 - INFO - move_data - 已加载 17180 个已有基因到缓存
2025-07-16 12:04:23,463 - INFO - move_data - 已加载 3835 个已有GO注释到缓存
2025-07-16 12:04:23,463 - INFO - move_data - --- 开始处理文件 1/2: ACSS2.csv ---
2025-07-16 12:04:23,770 - INFO - move_data - 文件 ACSS2.csv 处理完成，总记录数: 6444，新增预测记录: 0
2025-07-16 12:04:23,788 - INFO - move_data - 文件处理成功，已在状态数据库中标记: ACSS2.csv
2025-07-16 12:04:23,788 - INFO - move_data - --- 开始处理文件 2/2: AGL.csv ---
2025-07-16 12:04:23,913 - INFO - move_data - 文件 AGL.csv 处理完成，总记录数: 2611，新增预测记录: 0
2025-07-16 12:04:23,931 - INFO - move_data - 文件处理成功，已在状态数据库中标记: AGL.csv
2025-07-16 12:04:23,931 - INFO - move_data - 所有文件扫描处理完成，本次累计新增预测记录: 0
2025-07-16 12:04:23,933 - INFO - move_data - 数据库连接已关闭。
2025-07-16 12:04:23,933 - INFO - move_data - 程序执行完毕。
2025-07-16 12:04:31,183 - INFO - move_data - 状态数据库 'import_status.db' 已准备就绪。
2025-07-16 12:04:31,183 - INFO - move_data - 从状态数据库加载了 2 条已处理文件记录。
2025-07-16 12:04:31,183 - INFO - move_data - 共找到 0 个需要处理的CSV文件
2025-07-16 12:04:31,184 - INFO - move_data - 所有找到的CSV文件都已是最新版本并已处理过，程序正常退出。
